3: img1.png
2: img2.png
1: img10.png
0: img12.png
