5: banana
6: banana
7: banana
8: banana
9: banana
10: banana
