color:
    favorite: [red, green]
    0: blue
0: 5
1: 10
