d: ': lemon'
a: ': orange'
b: ': banana'
c: ': apple'
