sweet:
    a: ': apple'
    b: ': banana'
sour: ': lemon'
