citrus:
    - pineapple
berries:
    - blueberry
    - raspberry
